[2025-12-27T10:23:23.499+0000] {local_task_job_runner.py:123} INFO - ::group::Pre task execution logs
[2025-12-27T10:23:23.511+0000] {taskinstance.py:2614} INFO - Dependencies all met for dep_context=non-requeueable deps ti=<TaskInstance: fraud_detection_training.execute_training manual__2025-12-27T10:23:20.899749+00:00 [queued]>
[2025-12-27T10:23:23.519+0000] {taskinstance.py:2614} INFO - Dependencies all met for dep_context=requeueable deps ti=<TaskInstance: fraud_detection_training.execute_training manual__2025-12-27T10:23:20.899749+00:00 [queued]>
[2025-12-27T10:23:23.519+0000] {taskinstance.py:2867} INFO - Starting attempt 1 of 1
[2025-12-27T10:23:23.528+0000] {taskinstance.py:2890} INFO - Executing <Task(PythonOperator): execute_training> on 2025-12-27 10:23:20.899749+00:00
[2025-12-27T10:23:23.532+0000] {warnings.py:112} WARNING - /home/***/.local/lib/python3.12/site-packages/***/task/task_runner/standard_task_runner.py:70: DeprecationWarning: This process (pid=624) is multi-threaded, use of fork() may lead to deadlocks in the child.
  pid = os.fork()

[2025-12-27T10:23:23.533+0000] {standard_task_runner.py:72} INFO - Started process 625 to run task
[2025-12-27T10:23:23.534+0000] {standard_task_runner.py:104} INFO - Running: ['***', 'tasks', 'run', 'fraud_detection_training', 'execute_training', 'manual__2025-12-27T10:23:20.899749+00:00', '--job-id', '11', '--raw', '--subdir', 'DAGS_FOLDER/fraud_detection_training_dag.py', '--cfg-path', '/tmp/tmpllr2b3nt']
[2025-12-27T10:23:23.535+0000] {standard_task_runner.py:105} INFO - Job 11: Subtask execute_training
[2025-12-27T10:23:23.569+0000] {task_command.py:467} INFO - Running <TaskInstance: fraud_detection_training.execute_training manual__2025-12-27T10:23:20.899749+00:00 [running]> on host 8c477433bc41
[2025-12-27T10:23:23.615+0000] {taskinstance.py:3134} INFO - Exporting env vars: AIRFLOW_CTX_DAG_OWNER='chaukydang' AIRFLOW_CTX_DAG_ID='fraud_detection_training' AIRFLOW_CTX_TASK_ID='execute_training' AIRFLOW_CTX_EXECUTION_DATE='2025-12-27T10:23:20.899749+00:00' AIRFLOW_CTX_TRY_NUMBER='1' AIRFLOW_CTX_DAG_RUN_ID='manual__2025-12-27T10:23:20.899749+00:00'
[2025-12-27T10:23:23.616+0000] {taskinstance.py:732} INFO - ::endgroup::
[2025-12-27T10:23:25.606+0000] {fraud_detection_training_dag.py:36} INFO - Initializing fraud detection training
[2025-12-27T10:23:25.607+0000] {python.py:240} INFO - Done. Returned value was: {'status': 'success'}
[2025-12-27T10:23:25.626+0000] {taskinstance.py:341} INFO - ::group::Post task execution logs
[2025-12-27T10:23:25.626+0000] {taskinstance.py:353} INFO - Marking task as SUCCESS. dag_id=fraud_detection_training, task_id=execute_training, run_id=manual__2025-12-27T10:23:20.899749+00:00, execution_date=20251227T102320, start_date=20251227T102323, end_date=20251227T102325
[2025-12-27T10:23:25.686+0000] {local_task_job_runner.py:266} INFO - Task exited with return code 0
[2025-12-27T10:23:25.709+0000] {taskinstance.py:3901} INFO - 1 downstream tasks scheduled from follow-on schedule check
[2025-12-27T10:23:25.710+0000] {local_task_job_runner.py:245} INFO - ::endgroup::
