[2025-12-27T10:23:26.831+0000] {local_task_job_runner.py:123} INFO - ::group::Pre task execution logs
[2025-12-27T10:23:26.850+0000] {taskinstance.py:2614} INFO - Dependencies all met for dep_context=non-requeueable deps ti=<TaskInstance: fraud_detection_training.cleanup_resources manual__2025-12-27T10:23:20.899749+00:00 [queued]>
[2025-12-27T10:23:26.859+0000] {taskinstance.py:2614} INFO - Dependencies all met for dep_context=requeueable deps ti=<TaskInstance: fraud_detection_training.cleanup_resources manual__2025-12-27T10:23:20.899749+00:00 [queued]>
[2025-12-27T10:23:26.861+0000] {taskinstance.py:2867} INFO - Starting attempt 1 of 1
[2025-12-27T10:23:26.870+0000] {taskinstance.py:2890} INFO - Executing <Task(BashOperator): cleanup_resources> on 2025-12-27 10:23:20.899749+00:00
[2025-12-27T10:23:26.874+0000] {warnings.py:112} WARNING - /home/***/.local/lib/python3.12/site-packages/***/task/task_runner/standard_task_runner.py:70: DeprecationWarning: This process (pid=630) is multi-threaded, use of fork() may lead to deadlocks in the child.
  pid = os.fork()

[2025-12-27T10:23:26.875+0000] {standard_task_runner.py:72} INFO - Started process 631 to run task
[2025-12-27T10:23:26.875+0000] {standard_task_runner.py:104} INFO - Running: ['***', 'tasks', 'run', 'fraud_detection_training', 'cleanup_resources', 'manual__2025-12-27T10:23:20.899749+00:00', '--job-id', '13', '--raw', '--subdir', 'DAGS_FOLDER/fraud_detection_training_dag.py', '--cfg-path', '/tmp/tmp5za5cqx2']
[2025-12-27T10:23:26.876+0000] {standard_task_runner.py:105} INFO - Job 13: Subtask cleanup_resources
[2025-12-27T10:23:26.902+0000] {task_command.py:467} INFO - Running <TaskInstance: fraud_detection_training.cleanup_resources manual__2025-12-27T10:23:20.899749+00:00 [running]> on host 078036881b5a
[2025-12-27T10:23:26.953+0000] {taskinstance.py:3134} INFO - Exporting env vars: AIRFLOW_CTX_DAG_OWNER='chaukydang' AIRFLOW_CTX_DAG_ID='fraud_detection_training' AIRFLOW_CTX_TASK_ID='cleanup_resources' AIRFLOW_CTX_EXECUTION_DATE='2025-12-27T10:23:20.899749+00:00' AIRFLOW_CTX_TRY_NUMBER='1' AIRFLOW_CTX_DAG_RUN_ID='manual__2025-12-27T10:23:20.899749+00:00'
[2025-12-27T10:23:26.953+0000] {taskinstance.py:732} INFO - ::endgroup::
[2025-12-27T10:23:26.969+0000] {subprocess.py:78} INFO - Tmp dir root location: /tmp
[2025-12-27T10:23:26.970+0000] {subprocess.py:88} INFO - Running command: ['/usr/bin/bash', '-c', 'rm -f /tmp/*.pkl']
[2025-12-27T10:23:26.976+0000] {subprocess.py:99} INFO - Output:
[2025-12-27T10:23:26.982+0000] {subprocess.py:110} INFO - Command exited with return code 0
[2025-12-27T10:23:26.996+0000] {taskinstance.py:341} INFO - ::group::Post task execution logs
[2025-12-27T10:23:26.997+0000] {taskinstance.py:353} INFO - Marking task as SUCCESS. dag_id=fraud_detection_training, task_id=cleanup_resources, run_id=manual__2025-12-27T10:23:20.899749+00:00, execution_date=20251227T102320, start_date=20251227T102326, end_date=20251227T102326
[2025-12-27T10:23:27.016+0000] {local_task_job_runner.py:266} INFO - Task exited with return code 0
[2025-12-27T10:23:27.026+0000] {taskinstance.py:3901} INFO - 0 downstream tasks scheduled from follow-on schedule check
[2025-12-27T10:23:27.026+0000] {local_task_job_runner.py:245} INFO - ::endgroup::
